Archive member included to satisfy reference by file (symbol)

c:/program files (x86)/embitz/1.11/share/em_armgcc/bin/../lib/gcc/arm-none-eabi/5.4.1/../../../../arm-none-eabi/lib/armv7e-m\libg_n.a(lib_a-exit.o)
                              c:/program files (x86)/embitz/1.11/share/em_armgcc/bin/../lib/gcc/arm-none-eabi/5.4.1/../../../../arm-none-eabi/lib/armv7e-m/crt0.o (exit)
c:/program files (x86)/embitz/1.11/share/em_armgcc/bin/../lib/gcc/arm-none-eabi/5.4.1/../../../../arm-none-eabi/lib/armv7e-m\libg_n.a(lib_a-impure.o)
                              c:/program files (x86)/embitz/1.11/share/em_armgcc/bin/../lib/gcc/arm-none-eabi/5.4.1/../../../../arm-none-eabi/lib/armv7e-m\libg_n.a(lib_a-exit.o) (_global_impure_ptr)
c:/program files (x86)/embitz/1.11/share/em_armgcc/bin/../lib/gcc/arm-none-eabi/5.4.1/../../../../arm-none-eabi/lib/armv7e-m\libg_n.a(lib_a-init.o)
                              c:/program files (x86)/embitz/1.11/share/em_armgcc/bin/../lib/gcc/arm-none-eabi/5.4.1/../../../../arm-none-eabi/lib/armv7e-m/crt0.o (__libc_init_array)
c:/program files (x86)/embitz/1.11/share/em_armgcc/bin/../lib/gcc/arm-none-eabi/5.4.1/../../../../arm-none-eabi/lib/armv7e-m\libg_n.a(lib_a-malloc.o)
                              obj\debug\src\io.o (malloc)
c:/program files (x86)/embitz/1.11/share/em_armgcc/bin/../lib/gcc/arm-none-eabi/5.4.1/../../../../arm-none-eabi/lib/armv7e-m\libg_n.a(lib_a-memset.o)
                              c:/program files (x86)/embitz/1.11/share/em_armgcc/bin/../lib/gcc/arm-none-eabi/5.4.1/../../../../arm-none-eabi/lib/armv7e-m/crt0.o (memset)
c:/program files (x86)/embitz/1.11/share/em_armgcc/bin/../lib/gcc/arm-none-eabi/5.4.1/../../../../arm-none-eabi/lib/armv7e-m\libg_n.a(lib_a-nano-freer.o)
                              c:/program files (x86)/embitz/1.11/share/em_armgcc/bin/../lib/gcc/arm-none-eabi/5.4.1/../../../../arm-none-eabi/lib/armv7e-m\libg_n.a(lib_a-malloc.o) (_free_r)
c:/program files (x86)/embitz/1.11/share/em_armgcc/bin/../lib/gcc/arm-none-eabi/5.4.1/../../../../arm-none-eabi/lib/armv7e-m\libg_n.a(lib_a-nano-mallocr.o)
                              c:/program files (x86)/embitz/1.11/share/em_armgcc/bin/../lib/gcc/arm-none-eabi/5.4.1/../../../../arm-none-eabi/lib/armv7e-m\libg_n.a(lib_a-malloc.o) (_malloc_r)
c:/program files (x86)/embitz/1.11/share/em_armgcc/bin/../lib/gcc/arm-none-eabi/5.4.1/../../../../arm-none-eabi/lib/armv7e-m\libg_n.a(lib_a-printf.o)
                              obj\debug\src\ansi.o (printf)
c:/program files (x86)/embitz/1.11/share/em_armgcc/bin/../lib/gcc/arm-none-eabi/5.4.1/../../../../arm-none-eabi/lib/armv7e-m\libg_n.a(lib_a-putchar.o)
                              obj\debug\src\ball.o (putchar)
c:/program files (x86)/embitz/1.11/share/em_armgcc/bin/../lib/gcc/arm-none-eabi/5.4.1/../../../../arm-none-eabi/lib/armv7e-m\libg_n.a(lib_a-sbrkr.o)
                              c:/program files (x86)/embitz/1.11/share/em_armgcc/bin/../lib/gcc/arm-none-eabi/5.4.1/../../../../arm-none-eabi/lib/armv7e-m\libg_n.a(lib_a-nano-mallocr.o) (_sbrk_r)
c:/program files (x86)/embitz/1.11/share/em_armgcc/bin/../lib/gcc/arm-none-eabi/5.4.1/../../../../arm-none-eabi/lib/armv7e-m\libg_n.a(lib_a-setbuf.o)
                              obj\debug\src\30010_io.o (setbuf)
c:/program files (x86)/embitz/1.11/share/em_armgcc/bin/../lib/gcc/arm-none-eabi/5.4.1/../../../../arm-none-eabi/lib/armv7e-m\libg_n.a(lib_a-setvbuf.o)
                              c:/program files (x86)/embitz/1.11/share/em_armgcc/bin/../lib/gcc/arm-none-eabi/5.4.1/../../../../arm-none-eabi/lib/armv7e-m\libg_n.a(lib_a-setbuf.o) (setvbuf)
c:/program files (x86)/embitz/1.11/share/em_armgcc/bin/../lib/gcc/arm-none-eabi/5.4.1/../../../../arm-none-eabi/lib/armv7e-m\libg_n.a(lib_a-sprintf.o)
                              obj\debug\src\lcd.o (sprintf)
c:/program files (x86)/embitz/1.11/share/em_armgcc/bin/../lib/gcc/arm-none-eabi/5.4.1/../../../../arm-none-eabi/lib/armv7e-m\libg_n.a(lib_a-strcmp.o)
                              obj\debug\src\main.o (strcmp)
c:/program files (x86)/embitz/1.11/share/em_armgcc/bin/../lib/gcc/arm-none-eabi/5.4.1/../../../../arm-none-eabi/lib/armv7e-m\libg_n.a(lib_a-strlen.o)
                              obj\debug\src\gamewall.o (strlen)
c:/program files (x86)/embitz/1.11/share/em_armgcc/bin/../lib/gcc/arm-none-eabi/5.4.1/../../../../arm-none-eabi/lib/armv7e-m\libg_n.a(lib_a-fflush.o)
                              c:/program files (x86)/embitz/1.11/share/em_armgcc/bin/../lib/gcc/arm-none-eabi/5.4.1/../../../../arm-none-eabi/lib/armv7e-m\libg_n.a(lib_a-setvbuf.o) (_fflush_r)
c:/program files (x86)/embitz/1.11/share/em_armgcc/bin/../lib/gcc/arm-none-eabi/5.4.1/../../../../arm-none-eabi/lib/armv7e-m\libg_n.a(lib_a-findfp.o)
                              c:/program files (x86)/embitz/1.11/share/em_armgcc/bin/../lib/gcc/arm-none-eabi/5.4.1/../../../../arm-none-eabi/lib/armv7e-m\libg_n.a(lib_a-printf.o) (__sinit)
[...]
Memory Configuration

Name             Origin             Length             Attributes
ROM              0x08000000         0x00010000         xr
RAM              0x20000000         0x00004000         xrw
*default*        0x00000000         0xffffffff

Linker script and memory map

LOAD c:/program files (x86)/embitz/1.11/share/em_armgcc/bin/../lib/gcc/arm-none-eabi/5.4.1/armv7e-m/crti.o
LOAD c:/program files (x86)/embitz/1.11/share/em_armgcc/bin/../lib/gcc/arm-none-eabi/5.4.1/armv7e-m/crtbegin.o
LOAD c:/program files (x86)/embitz/1.11/share/em_armgcc/bin/../lib/gcc/arm-none-eabi/5.4.1/../../../../arm-none-eabi/lib/armv7e-m/crt0.o
                0x00000000                __HEAP_SIZE = 0x0
                0x00000100                __STACK_SIZE = 0x100

.text           0x08000000     0x2de8
 *(.isr_vector)
 .isr_vector    0x08000000      0x188 obj\debug\src\startup_stm32f30x.o
                0x08000000                __isr_vector
 *(.text*)
 .text          0x08000188       0x5c c:/program files (x86)/embitz/1.11/share/em_armgcc/bin/../lib/gcc/arm-none-eabi/5.4.1/armv7e-m/crtbegin.o
 .text          0x080001e4       0x74 c:/program files (x86)/embitz/1.11/share/em_armgcc/bin/../lib/gcc/arm-none-eabi/5.4.1/../../../../arm-none-eabi/lib/armv7e-m/crt0.o
                0x080001e4                _start
                0x080001e4                _mainCRTStartup
 .text.RCC_GetClocksFreq
                0x08000258      0x414 obj\debug\spl\src\stm32f30x_rcc.o
                0x08000258                RCC_GetClocksFreq
 .text.SPI_SendData8
                0x0800066c       0x2c obj\debug\spl\src\stm32f30x_spi.o
                0x0800066c                SPI_SendData8
 .text.SPI_I2S_GetFlagStatus
                0x08000698       0x38 obj\debug\spl\src\stm32f30x_spi.o
                0x08000698                SPI_I2S_GetFlagStatus
 .text.USART_SendData
                0x080006d0       0x24 obj\debug\spl\src\stm32f30x_usart.o
                0x080006d0                USART_SendData
 .text.USART_GetFlagStatus
                0x080006f4       0x30 obj\debug\spl\src\stm32f30x_usart.o
                0x080006f4                USART_GetFlagStatus
 .text.uart_putc
                0x08000724       0x34 obj\debug\src\30010_io.o
                0x08000724                uart_putc
 .text._write_r
                0x08000758       0x4c obj\debug\src\30010_io.o
                0x08000758                _write_r
 .text.init_usb_uart
                0x080007a4      0x220 obj\debug\src\30010_io.o
                0x080007a4                init_usb_uart
 .text.lcd_transmit_byte
                0x080009c4       0x64 obj\debug\src\30010_io.o
                0x080009c4                lcd_transmit_byte
 .text.lcd_reset
                0x08000a28       0xe0 obj\debug\src\30010_io.o
                0x08000a28                lcd_reset
 .text.init_spi_lcd
                0x08000b08      0x2b8 obj\debug\src\30010_io.o
                0x08000b08                init_spi_lcd
 .text.fgcolor  0x08000dc0       0x38 obj\debug\src\ansi.o
                0x08000dc0                fgcolor
 .text.resetbgcolor
                0x08000df8       0x14 obj\debug\src\ansi.o
                0x08000df8                resetbgcolor
 .text.showCursor
                0x08000e0c       0x14 obj\debug\src\ansi.o
                0x08000e0c                showCursor
 .text.clrsrc   0x08000e20       0x14 obj\debug\src\ansi.o
                0x08000e20                clrsrc
 .text.gotoxy   0x08000e34       0x28 obj\debug\src\ansi.o
                0x08000e34                gotoxy
 .text.intBlock
                0x08000e5c       0x58 obj\debug\src\blocks.o
                0x08000e5c                intBlock
 .text.intMultipleBlocks
                0x08000eb4      0x180 obj\debug\src\blocks.o
                0x08000eb4                intMultipleBlocks
 .text.drawBlock
                0x08001034       0xc8 obj\debug\src\blocks.o
                0x08001034                drawBlock
 .text.intWall  0x080010fc       0x38 obj\debug\src\gamewall.o
                0x080010fc                intWall
 .text.drawWall
                0x08001134       0xac obj\debug\src\gamewall.o
                0x08001134                drawWall
 .text.digitalWrite
                0x080011e0      0x110 obj\debug\src\io.o
                0x080011e0                digitalWrite
 .text.startUpABC
                0x080012f0       0x34 obj\debug\src\io.o
                0x080012f0                startUpABC
 .text.pinSetup
                0x08001324      0x26c obj\debug\src\io.o
                0x08001324                pinSetup
 .text.joyStickSetUp
                0x08001590       0x44 obj\debug\src\io.o
                0x08001590                joyStickSetUp
 .text.setLed   0x080015d4       0x68 obj\debug\src\io.o
                0x080015d4                setLed
 .text.ledSetup
                0x0800163c       0x38 obj\debug\src\io.o
                0x0800163c                ledSetup
 .text.setupLCD
                0x08001674       0x28 obj\debug\src\lcd.o
                0x08001674                setupLCD
 .text.bufferReset
                0x0800169c       0x18 obj\debug\src\lcd.o
                0x0800169c                bufferReset
 .text.alex     0x080016b4       0xc4 obj\debug\src\main.o
                0x080016b4                alex
 .text.main     0x08001778       0x40 obj\debug\src\main.o
                0x08001778                main
 .text          0x080017b8       0xe4 obj\debug\src\startup_stm32f30x.o
                0x080017b8                Reset_Handler
                0x080017fe                NMI_Handler
                0x08001800                HardFault_Handler
                0x08001802                MemManage_Handler
                0x08001804                BusFault_Handler
                0x08001806                UsageFault_Handler
                0x08001808                SVC_Handler
                0x0800180a                DebugMon_Handler
                0x0800180c                PendSV_Handler
                0x0800180e                SysTick_Handler
                0x08001810                WWDG_IRQHandler
                0x08001812                PVD_IRQHandler
                0x08001814                TAMPER_STAMP_IRQHandler
                0x08001816                RTC_WKUP_IRQHandler
                0x08001818                FLASH_IRQHandler
                0x0800181a                RCC_IRQHandler
                0x0800181c                EXTI0_IRQHandler
                0x0800181e                EXTI1_IRQHandler
                0x08001820                EXTI2_TS_IRQHandler
                0x08001822                EXTI3_IRQHandler
                0x08001824                EXTI4_IRQHandler
                0x08001826                DMA1_Channel1_IRQHandler
                0x08001828                DMA1_Channel2_IRQHandler
                0x0800182a                DMA1_Channel3_IRQHandler
                0x0800182c                DMA1_Channel4_IRQHandler
                0x0800182e                DMA1_Channel5_IRQHandler
                0x08001830                DMA1_Channel6_IRQHandler
                0x08001832                DMA1_Channel7_IRQHandler
                0x08001834                ADC1_2_IRQHandler
                0x08001836                USB_HP_CAN1_TX_IRQHandler
                0x08001838                USB_LP_CAN1_RX0_IRQHandler
                0x0800183a                CAN1_RX1_IRQHandler
                0x0800183c                CAN1_SCE_IRQHandler
                0x0800183e                EXTI9_5_IRQHandler
                0x08001840                TIM1_BRK_TIM15_IRQHandler
                0x08001842                TIM1_UP_TIM16_IRQHandler
                0x08001844                TIM1_TRG_COM_TIM17_IRQHandler
                0x08001846                TIM1_CC_IRQHandler
                0x0800184a                TIM3_IRQHandler
                0x0800184c                TIM4_IRQHandler
                0x0800184e                I2C1_EV_IRQHandler
                0x08001850                I2C1_ER_IRQHandler
                0x08001852                I2C2_EV_IRQHandler
                0x08001854                I2C2_ER_IRQHandler
                0x08001856                SPI1_IRQHandler
                0x08001858                SPI2_IRQHandler
                0x0800185a                USART1_IRQHandler
                0x0800185c                USART2_IRQHandler
                0x0800185e                USART3_IRQHandler
                0x08001860                EXTI15_10_IRQHandler
                0x08001862                RTC_Alarm_IRQHandler
                0x08001864                USBWakeUp_IRQHandler
                0x08001866                TIM8_BRK_IRQHandler
                0x08001868                TIM8_UP_IRQHandler
                0x0800186a                TIM8_TRG_COM_IRQHandler
                0x0800186c                TIM8_CC_IRQHandler
                0x0800186e                ADC3_IRQHandler
                0x08001870                SPI3_IRQHandler
                0x08001872                UART4_IRQHandler
                0x08001874                UART5_IRQHandler
                0x08001876                TIM6_DAC_IRQHandler
                0x08001878                TIM7_IRQHandler
                0x0800187a                DMA2_Channel1_IRQHandler
                0x0800187c                DMA2_Channel2_IRQHandler
                0x0800187e                DMA2_Channel3_IRQHandler
                0x08001880                DMA2_Channel4_IRQHandler
                0x08001882                DMA2_Channel5_IRQHandler
                0x08001884                ADC4_IRQHandler
                0x08001886                COMP1_2_3_IRQHandler
                0x08001888                COMP4_5_6_IRQHandler
                0x0800188a                COMP7_IRQHandler
                0x0800188c                USB_HP_IRQHandler
                0x0800188e                USB_LP_IRQHandler
                0x08001890                USBWakeUp_RMP_IRQHandler
                0x08001892                FPU_IRQHandler
 .text.SystemInit
                0x0800189c       0x84 obj\debug\src\system_stm32f30x.o
                0x0800189c                SystemInit
 .text.SetSysClock
                0x08001920       0x90 obj\debug\src\system_stm32f30x.o
 .text.NVIC_EnableIRQ
                0x080019b0       0x30 obj\debug\src\time.o
 .text.NVIC_SetPriority
                0x080019e0       0x54 obj\debug\src\time.o
 .text.TIM2_IRQHandler
                0x08001a34       0x98 obj\debug\src\time.o
                0x08001a34                TIM2_IRQHandler
 .text.setUpTimer2
                0x08001acc       0x54 obj\debug\src\time.o
                0x08001acc                setUpTimer2
 .text.startTimer2
                0x08001b20       0x20 obj\debug\src\time.o
                0x08001b20                startTimer2
 .text.intVector
                0x08001b40       0x28 obj\debug\src\trigomentri.o
                0x08001b40                intVector
 .text.exit     0x08001b68       0x28 c:/program files (x86)/embitz/1.11/share/em_armgcc/bin/../lib/gcc/arm-none-eabi/5.4.1/../../../../arm-none-eabi/lib/armv7e-m\libg_n.a(lib_a-exit.o)
                0x08001b68                exit
 .text.__libc_init_array
                0x08001b90       0x4c c:/program files (x86)/embitz/1.11/share/em_armgcc/bin/../lib/gcc/arm-none-eabi/5.4.1/../../../../arm-none-eabi/lib/armv7e-m\libg_n.a(lib_a-init.o)
                0x08001b90                __libc_init_array
 .text.malloc   0x08001bdc       0x10 c:/program files (x86)/embitz/1.11/share/em_armgcc/bin/../lib/gcc/arm-none-eabi/5.4.1/../../../../arm-none-eabi/lib/armv7e-m\libg_n.a(lib_a-malloc.o)
                0x08001bdc                malloc
 .text.memset   0x08001bec       0x10 c:/program files (x86)/embitz/1.11/share/em_armgcc/bin/../lib/gcc/arm-none-eabi/5.4.1/../../../../arm-none-eabi/lib/armv7e-m\libg_n.a(lib_a-memset.o)
                0x08001bec                memset
 .text._free_r  0x08001bfc       0x9c c:/program files (x86)/embitz/1.11/share/em_armgcc/bin/../lib/gcc/arm-none-eabi/5.4.1/../../../../arm-none-eabi/lib/armv7e-m\libg_n.a(lib_a-nano-freer.o)
                0x08001bfc                _free_r
 .text._malloc_r
                0x08001c98       0xbc c:/program files (x86)/embitz/1.11/share/em_armgcc/bin/../lib/gcc/arm-none-eabi/5.4.1/../../../../arm-none-eabi/lib/armv7e-m\libg_n.a(lib_a-nano-mallocr.o)
                0x08001c98                _malloc_r
 .text.printf   0x08001d54       0x30 c:/program files (x86)/embitz/1.11/share/em_armgcc/bin/../lib/gcc/arm-none-eabi/5.4.1/../../../../arm-none-eabi/lib/armv7e-m\libg_n.a(lib_a-printf.o)
                0x08001d54                iprintf
                0x08001d54                printf
 .text.putchar  0x08001d84       0x28 c:/program files (x86)/embitz/1.11/share/em_armgcc/bin/../lib/gcc/arm-none-eabi/5.4.1/../../../../arm-none-eabi/lib/armv7e-m\libg_n.a(lib_a-putchar.o)
                0x08001d84                putchar
 .text._sbrk_r  0x08001dac       0x20 c:/program files (x86)/embitz/1.11/share/em_armgcc/bin/../lib/gcc/arm-none-eabi/5.4.1/../../../../arm-none-eabi/lib/armv7e-m\libg_n.a(lib_a-sbrkr.o)
                0x08001dac                _sbrk_r
 .text.setbuf   0x08001dcc       0x10 c:/program files (x86)/embitz/1.11/share/em_armgcc/bin/../lib/gcc/arm-none-eabi/5.4.1/../../../../arm-none-eabi/lib/armv7e-m\libg_n.a(lib_a-setbuf.o)
                0x08001dcc                setbuf
 .text.setvbuf  0x08001ddc      0x154 c:/program files (x86)/embitz/1.11/share/em_armgcc/bin/../lib/gcc/arm-none-eabi/5.4.1/../../../../arm-none-eabi/lib/armv7e-m\libg_n.a(lib_a-setvbuf.o)
                0x08001ddc                setvbuf
 .text.__sflush_r
                0x08001f30      0x110 c:/program files (x86)/embitz/1.11/share/em_armgcc/bin/../lib/gcc/arm-none-eabi/5.4.1/../../../../arm-none-eabi/lib/armv7e-m\libg_n.a(lib_a-fflush.o)
                0x08001f30                __sflush_r
 .text._fflush_r
                0x08002040       0x54 c:/program files (x86)/embitz/1.11/share/em_armgcc/bin/../lib/gcc/arm-none-eabi/5.4.1/../../../../arm-none-eabi/lib/armv7e-m\libg_n.a(lib_a-fflush.o)
                0x08002040                _fflush_r
 .text._cleanup_r
                0x08002094        0xc c:/program files (x86)/embitz/1.11/share/em_armgcc/bin/../lib/gcc/arm-none-eabi/5.4.1/../../../../arm-none-eabi/lib/armv7e-m\libg_n.a(lib_a-findfp.o)
                0x08002094                _cleanup_r
 .text.std.isra.0
                0x080020a0       0x48 c:/program files (x86)/embitz/1.11/share/em_armgcc/bin/../lib/gcc/arm-none-eabi/5.4.1/../../../../arm-none-eabi/lib/armv7e-m\libg_n.a(lib_a-findfp.o)
 .text.__sfmoreglue
                0x080020e8       0x2c c:/program files (x86)/embitz/1.11/share/em_armgcc/bin/../lib/gcc/arm-none-eabi/5.4.1/../../../../arm-none-eabi/lib/armv7e-m\libg_n.a(lib_a-findfp.o)
                0x080020e8                __sfmoreglue
 .text.__sinit  0x08002114       0x60 c:/program files (x86)/embitz/1.11/share/em_armgcc/bin/../lib/gcc/arm-none-eabi/5.4.1/../../../../arm-none-eabi/lib/armv7e-m\libg_n.a(lib_a-findfp.o)
                0x08002114                __sinit
 .text.__sfp    0x08002174       0x78 c:/program files (x86)/embitz/1.11/share/em_armgcc/bin/../lib/gcc/arm-none-eabi/5.4.1/../../../../arm-none-eabi/lib/armv7e-m\libg_n.a(lib_a-findfp.o)
                0x08002174                __sfp
 .text._fwalk_reent
                0x080021ec       0x3c c:/program files (x86)/embitz/1.11/share/em_armgcc/bin/../lib/gcc/arm-none-eabi/5.4.1/../../../../arm-none-eabi/lib/armv7e-m\libg_n.a(lib_a-fwalk.o)
                0x080021ec                _fwalk_reent
 .text.__swhatbuf_r
                0x08002228       0x46 c:/program files (x86)/embitz/1.11/share/em_armgcc/bin/../lib/gcc/arm-none-eabi/5.4.1/../../../../arm-none-eabi/lib/armv7e-m\libg_n.a(lib_a-makebuf.o)
                0x08002228                __swhatbuf_r
 *fill*         0x0800226e        0x2 
 .text.__smakebuf_r
                0x08002270       0x78 c:/program files (x86)/embitz/1.11/share/em_armgcc/bin/../lib/gcc/arm-none-eabi/5.4.1/../../../../arm-none-eabi/lib/armv7e-m\libg_n.a(lib_a-makebuf.o)
                0x08002270                __smakebuf_r
 .text.__malloc_lock
                0x080022e8        0x2 c:/program files (x86)/embitz/1.11/share/em_armgcc/bin/../lib/gcc/arm-none-eabi/5.4.1/../../../../arm-none-eabi/lib/armv7e-m\libg_n.a(lib_a-mlock.o)
                0x080022e8                __malloc_lock
 .text.__malloc_unlock
                0x080022ea        0x2 c:/program files (x86)/embitz/1.11/share/em_armgcc/bin/../lib/gcc/arm-none-eabi/5.4.1/../../../../arm-none-eabi/lib/armv7e-m\libg_n.a(lib_a-mlock.o)
                0x080022ea                __malloc_unlock
 .text.__sfputc_r
                0x080022ec       0x2c c:/program files (x86)/embitz/1.11/share/em_armgcc/bin/../lib/gcc/arm-none-eabi/5.4.1/../../../../arm-none-eabi/lib/armv7e-m\libg_n.a(lib_a-nano-vfprintf.o)
 .text.__sfputs_r
                0x08002318       0x24 c:/program files (x86)/embitz/1.11/share/em_armgcc/bin/../lib/gcc/arm-none-eabi/5.4.1/../../../../arm-none-eabi/lib/armv7e-m\libg_n.a(lib_a-nano-vfprintf.o)
                0x08002318                __sfputs_r
 .text._vfprintf_r
                0x0800233c      0x238 c:/program files (x86)/embitz/1.11/share/em_armgcc/bin/../lib/gcc/arm-none-eabi/5.4.1/../../../../arm-none-eabi/lib/armv7e-m\libg_n.a(lib_a-nano-vfprintf.o)
                0x0800233c                _vfprintf_r
                0x0800233c                _vfiprintf_r
 .text._printf_common
                0x08002574       0xec c:/program files (x86)/embitz/1.11/share/em_armgcc/bin/../lib/gcc/arm-none-eabi/5.4.1/../../../../arm-none-eabi/lib/armv7e-m\libg_n.a(lib_a-nano-vfprintf_i.o)
                0x08002574                _printf_common
 .text._printf_i
                0x08002660      0x24c c:/program files (x86)/embitz/1.11/share/em_armgcc/bin/../lib/gcc/arm-none-eabi/5.4.1/../../../../arm-none-eabi/lib/armv7e-m\libg_n.a(lib_a-nano-vfprintf_i.o)
                0x08002660                _printf_i
 .text._putc_r  0x080028ac       0x6c c:/program files (x86)/embitz/1.11/share/em_armgcc/bin/../lib/gcc/arm-none-eabi/5.4.1/../../../../arm-none-eabi/lib/armv7e-m\libg_n.a(lib_a-putc.o)
                0x080028ac                _putc_r
 .text.__sread  0x08002918       0x22 c:/program files (x86)/embitz/1.11/share/em_armgcc/bin/../lib/gcc/arm-none-eabi/5.4.1/../../../../arm-none-eabi/lib/armv7e-m\libg_n.a(lib_a-stdio.o)
                0x08002918                __sread
 .text.__swrite
                0x0800293a       0x38 c:/program files (x86)/embitz/1.11/share/em_armgcc/bin/../lib/gcc/arm-none-eabi/5.4.1/../../../../arm-none-eabi/lib/armv7e-m\libg_n.a(lib_a-stdio.o)
                0x0800293a                __swrite
 .text.__sseek  0x08002972       0x24 c:/program files (x86)/embitz/1.11/share/em_armgcc/bin/../lib/gcc/arm-none-eabi/5.4.1/../../../../arm-none-eabi/lib/armv7e-m\libg_n.a(lib_a-stdio.o)
                0x08002972                __sseek
 .text.__sclose
                0x08002996        0x8 c:/program files (x86)/embitz/1.11/share/em_armgcc/bin/../lib/gcc/arm-none-eabi/5.4.1/../../../../arm-none-eabi/lib/armv7e-m\libg_n.a(lib_a-stdio.o)
                0x08002996                __sclose
 *fill*         0x0800299e        0x2 
 .text.__swbuf_r
                0x080029a0       0xa8 c:/program files (x86)/embitz/1.11/share/em_armgcc/bin/../lib/gcc/arm-none-eabi/5.4.1/../../../../arm-none-eabi/lib/armv7e-m\libg_n.a(lib_a-wbuf.o)
                0x080029a0                __swbuf_r
 .text.__swsetup_r
                0x08002a48       0xdc c:/program files (x86)/embitz/1.11/share/em_armgcc/bin/../lib/gcc/arm-none-eabi/5.4.1/../../../../arm-none-eabi/lib/armv7e-m\libg_n.a(lib_a-wsetup.o)
                0x08002a48                __swsetup_r
 .text._close_r
                0x08002b24       0x20 c:/program files (x86)/embitz/1.11/share/em_armgcc/bin/../lib/gcc/arm-none-eabi/5.4.1/../../../../arm-none-eabi/lib/armv7e-m\libg_n.a(lib_a-closer.o)
                0x08002b24                _close_r
 .text._fstat_r
                0x08002b44       0x24 c:/program files (x86)/embitz/1.11/share/em_armgcc/bin/../lib/gcc/arm-none-eabi/5.4.1/../../../../arm-none-eabi/lib/armv7e-m\libg_n.a(lib_a-fstatr.o)
                0x08002b44                _fstat_r
 .text._isatty_r
                0x08002b68       0x20 c:/program files (x86)/embitz/1.11/share/em_armgcc/bin/../lib/gcc/arm-none-eabi/5.4.1/../../../../arm-none-eabi/lib/armv7e-m\libg_n.a(lib_a-isattyr.o)
                0x08002b68                _isatty_r
 .text._lseek_r
                0x08002b88       0x24 c:/program files (x86)/embitz/1.11/share/em_armgcc/bin/../lib/gcc/arm-none-eabi/5.4.1/../../../../arm-none-eabi/lib/armv7e-m\libg_n.a(lib_a-lseekr.o)
                0x08002b88                _lseek_r
 *fill*         0x08002bac        0x4 
 .text          0x08002bb0       0xa0 c:/program files (x86)/embitz/1.11/share/em_armgcc/bin/../lib/gcc/arm-none-eabi/5.4.1/../../../../arm-none-eabi/lib/armv7e-m\libg_n.a(lib_a-memchr.o)
                0x08002bb0                memchr
 .text._read_r  0x08002c50       0x24 c:/program files (x86)/embitz/1.11/share/em_armgcc/bin/../lib/gcc/arm-none-eabi/5.4.1/../../../../arm-none-eabi/lib/armv7e-m\libg_n.a(lib_a-readr.o)
                0x08002c50                _read_r
 .text._close   0x08002c74       0x10 c:/program files (x86)/embitz/1.11/share/em_armgcc/bin/../lib/gcc/arm-none-eabi/5.4.1/../../../../arm-none-eabi/lib/armv7e-m\libnosys_s.a(close.o)
                0x08002c74                _close
 .text._fstat   0x08002c84       0x10 c:/program files (x86)/embitz/1.11/share/em_armgcc/bin/../lib/gcc/arm-none-eabi/5.4.1/../../../../arm-none-eabi/lib/armv7e-m\libnosys_s.a(fstat.o)
                0x08002c84                _fstat
 .text._isatty  0x08002c94       0x10 c:/program files (x86)/embitz/1.11/share/em_armgcc/bin/../lib/gcc/arm-none-eabi/5.4.1/../../../../arm-none-eabi/lib/armv7e-m\libnosys_s.a(isatty.o)
                0x08002c94                _isatty
 .text._lseek   0x08002ca4       0x10 c:/program files (x86)/embitz/1.11/share/em_armgcc/bin/../lib/gcc/arm-none-eabi/5.4.1/../../../../arm-none-eabi/lib/armv7e-m\libnosys_s.a(lseek.o)
                0x08002ca4                _lseek
 .text._read    0x08002cb4       0x10 c:/program files (x86)/embitz/1.11/share/em_armgcc/bin/../lib/gcc/arm-none-eabi/5.4.1/../../../../arm-none-eabi/lib/armv7e-m\libnosys_s.a(read.o)
                0x08002cb4                _read
 .text._sbrk    0x08002cc4       0x1c c:/program files (x86)/embitz/1.11/share/em_armgcc/bin/../lib/gcc/arm-none-eabi/5.4.1/../../../../arm-none-eabi/lib/armv7e-m\libnosys_s.a(sbrk.o)
                0x08002cc4                _sbrk
 .text._exit    0x08002ce0        0x2 c:/program files (x86)/embitz/1.11/share/em_armgcc/bin/../lib/gcc/arm-none-eabi/5.4.1/../../../../arm-none-eabi/lib/armv7e-m\libnosys_s.a(_exit.o)
                0x08002ce0                _exit
 *(.init)
 *fill*         0x08002ce2        0x2 
 .init          0x08002ce4        0x4 c:/program files (x86)/embitz/1.11/share/em_armgcc/bin/../lib/gcc/arm-none-eabi/5.4.1/armv7e-m/crti.o
                0x08002ce4                _init
 .init          0x08002ce8        0x8 c:/program files (x86)/embitz/1.11/share/em_armgcc/bin/../lib/gcc/arm-none-eabi/5.4.1/armv7e-m/crtn.o
 *(.fini)
 .fini          0x08002cf0        0x4 c:/program files (x86)/embitz/1.11/share/em_armgcc/bin/../lib/gcc/arm-none-eabi/5.4.1/armv7e-m/crti.o
                0x08002cf0                _fini
 .fini          0x08002cf4        0x8 c:/program files (x86)/embitz/1.11/share/em_armgcc/bin/../lib/gcc/arm-none-eabi/5.4.1/armv7e-m/crtn.o
 *crtbegin.o(.ctors)
 *crtbegin?.o(.ctors)
 *(EXCLUDE_FILE(*crtend.o *crtend?.o) .ctors)
 *(SORT(.ctors.*))
 *(.ctors)
 *crtbegin.o(.dtors)
 *crtbegin?.o(.dtors)
 *(EXCLUDE_FILE(*crtend.o *crtend?.o) .dtors)
 *(SORT(.dtors.*))
 *(.dtors)
 *(.rodata*)
 .rodata        0x08002cfc       0x4e obj\debug\src\ansi.o
 .rodata.str1.1
                0x08002d4a        0x2 c:/program files (x86)/embitz/1.11/share/em_armgcc/bin/../lib/gcc/arm-none-eabi/5.4.1/../../../../arm-none-eabi/lib/armv7e-m\libg_n.a(lib_a-impure.o)
 .rodata._global_impure_ptr
                0x08002d4c        0x4 c:/program files (x86)/embitz/1.11/share/em_armgcc/bin/../lib/gcc/arm-none-eabi/5.4.1/../../../../arm-none-eabi/lib/armv7e-m\libg_n.a(lib_a-impure.o)
                0x08002d4c                _global_impure_ptr
 .rodata.__sf_fake_stdin
                0x08002d50       0x20 c:/program files (x86)/embitz/1.11/share/em_armgcc/bin/../lib/gcc/arm-none-eabi/5.4.1/../../../../arm-none-eabi/lib/armv7e-m\libg_n.a(lib_a-findfp.o)
                0x08002d50                __sf_fake_stdin
 .rodata.__sf_fake_stdout
                0x08002d70       0x20 c:/program files (x86)/embitz/1.11/share/em_armgcc/bin/../lib/gcc/arm-none-eabi/5.4.1/../../../../arm-none-eabi/lib/armv7e-m\libg_n.a(lib_a-findfp.o)
                0x08002d70                __sf_fake_stdout
 .rodata.__sf_fake_stderr
                0x08002d90       0x20 c:/program files (x86)/embitz/1.11/share/em_armgcc/bin/../lib/gcc/arm-none-eabi/5.4.1/../../../../arm-none-eabi/lib/armv7e-m\libg_n.a(lib_a-findfp.o)
                0x08002d90                __sf_fake_stderr
 .rodata.str1.1
                0x08002db0       0x11 c:/program files (x86)/embitz/1.11/share/em_armgcc/bin/../lib/gcc/arm-none-eabi/5.4.1/../../../../arm-none-eabi/lib/armv7e-m\libg_n.a(lib_a-nano-vfprintf.o)
 .rodata.str1.1
                0x08002dc1       0x22 c:/program files (x86)/embitz/1.11/share/em_armgcc/bin/../lib/gcc/arm-none-eabi/5.4.1/../../../../arm-none-eabi/lib/armv7e-m\libg_n.a(lib_a-nano-vfprintf_i.o)
 *(.eh_frame*)
 *fill*         0x08002de3        0x1 
 .eh_frame      0x08002de4        0x0 c:/program files (x86)/embitz/1.11/share/em_armgcc/bin/../lib/gcc/arm-none-eabi/5.4.1/armv7e-m/crtbegin.o
 .eh_frame      0x08002de4        0x4 c:/program files (x86)/embitz/1.11/share/em_armgcc/bin/../lib/gcc/arm-none-eabi/5.4.1/armv7e-m/crtend.o

.glue_7         0x08002de8        0x0
 .glue_7        0x08002de8        0x0 linker stubs

.glue_7t        0x08002de8        0x0
 .glue_7t       0x08002de8        0x0 linker stubs

.vfp11_veneer   0x08002de8        0x0
 .vfp11_veneer  0x08002de8        0x0 linker stubs

.v4_bx          0x08002de8        0x0
 .v4_bx         0x08002de8        0x0 linker stubs

.iplt           0x08002de8        0x0
 .iplt          0x08002de8        0x0 c:/program files (x86)/embitz/1.11/share/em_armgcc/bin/../lib/gcc/arm-none-eabi/5.4.1/armv7e-m/crtbegin.o

.ARM.extab
 *(.ARM.extab* .gnu.linkonce.armextab.*)
                0x08002de8                __exidx_start = .

.ARM.exidx      0x08002de8        0x8
 *(.ARM.exidx* .gnu.linkonce.armexidx.*)
 .ARM.exidx     0x08002de8        0x8 c:/program files (x86)/embitz/1.11/share/em_armgcc/bin/../lib/gcc/arm-none-eabi/5.4.1/../../../../arm-none-eabi/lib/armv7e-m/crt0.o
                0x08002df0                __exidx_end = .
                0x08002df0                __etext = .

.rel.dyn        0x08002df0        0x0
 .rel.iplt      0x08002df0        0x0 c:/program files (x86)/embitz/1.11/share/em_armgcc/bin/../lib/gcc/arm-none-eabi/5.4.1/armv7e-m/crtbegin.o

.data           0x20000000       0x98 load address 0x08002df0
                0x20000000                __data_start__ = .
 *(vtable)
 *(.data*)
 .data.APBAHBPrescTable
                0x20000000       0x10 obj\debug\spl\src\stm32f30x_rcc.o
 .data.ADCPrescTable
                0x20000010       0x1a obj\debug\spl\src\stm32f30x_rcc.o
 *fill*         0x2000002a        0x2 
 .data.impure_data
                0x2000002c       0x60 c:/program files (x86)/embitz/1.11/share/em_armgcc/bin/../lib/gcc/arm-none-eabi/5.4.1/../../../../arm-none-eabi/lib/armv7e-m\libg_n.a(lib_a-impure.o)
 .data._impure_ptr
                0x2000008c        0x4 c:/program files (x86)/embitz/1.11/share/em_armgcc/bin/../lib/gcc/arm-none-eabi/5.4.1/../../../../arm-none-eabi/lib/armv7e-m\libg_n.a(lib_a-impure.o)
                0x2000008c                _impure_ptr
                0x20000090                . = ALIGN (0x4)
                0x20000090                PROVIDE (__preinit_array_start, .)
 *(.preinit_array)
                0x20000090                PROVIDE (__preinit_array_end, .)
                0x20000090                . = ALIGN (0x4)
                0x20000090                PROVIDE (__init_array_start, .)
 *(SORT(.init_array.*))
 *(.init_array)
 .init_array    0x20000090        0x4 c:/program files (x86)/embitz/1.11/share/em_armgcc/bin/../lib/gcc/arm-none-eabi/5.4.1/armv7e-m/crtbegin.o
                0x20000094                PROVIDE (__init_array_end, .)
                0x20000094                . = ALIGN (0x4)
                [!provide]                PROVIDE (__fini_array_start, .)
 *(SORT(.fini_array.*))
 *(.fini_array)
 .fini_array    0x20000094        0x4 c:/program files (x86)/embitz/1.11/share/em_armgcc/bin/../lib/gcc/arm-none-eabi/5.4.1/armv7e-m/crtbegin.o
                [!provide]                PROVIDE (__fini_array_end, .)
                0x20000098                . = ALIGN (0x4)
                0x20000098                __data_end__ = .

.jcr            0x20000098        0x0 load address 0x08002e88
 .jcr           0x20000098        0x0 c:/program files (x86)/embitz/1.11/share/em_armgcc/bin/../lib/gcc/arm-none-eabi/5.4.1/armv7e-m/crtbegin.o

.igot.plt       0x20000098        0x0 load address 0x08002e88
 .igot.plt      0x20000098        0x0 c:/program files (x86)/embitz/1.11/share/em_armgcc/bin/../lib/gcc/arm-none-eabi/5.4.1/armv7e-m/crtbegin.o

.bss            0x20000098      0x238 load address 0x08002e88
                0x20000098                __bss_start__ = .
 *(.bss*)
 .bss           0x20000098       0x1c c:/program files (x86)/embitz/1.11/share/em_armgcc/bin/../lib/gcc/arm-none-eabi/5.4.1/armv7e-m/crtbegin.o
 .bss.mainTimer
                0x200000b4        0x8 obj\debug\src\time.o
                0x200000b4                mainTimer
 .bss.__malloc_sbrk_start
                0x200000bc        0x4 c:/program files (x86)/embitz/1.11/share/em_armgcc/bin/../lib/gcc/arm-none-eabi/5.4.1/../../../../arm-none-eabi/lib/armv7e-m\libg_n.a(lib_a-nano-mallocr.o)
                0x200000bc                __malloc_sbrk_start
 .bss.__malloc_free_list
                0x200000c0        0x4 c:/program files (x86)/embitz/1.11/share/em_armgcc/bin/../lib/gcc/arm-none-eabi/5.4.1/../../../../arm-none-eabi/lib/armv7e-m\libg_n.a(lib_a-nano-mallocr.o)
                0x200000c0                __malloc_free_list
 .bss.heap_end.4167
                0x200000c4        0x4 c:/program files (x86)/embitz/1.11/share/em_armgcc/bin/../lib/gcc/arm-none-eabi/5.4.1/../../../../arm-none-eabi/lib/armv7e-m\libnosys_s.a(sbrk.o)
 *(COMMON)
 COMMON         0x200000c8      0x204 obj\debug\src\lcd.o
                0x200000c8                updateLCD
                0x200000c9                adcPrinting
                0x200000ca                scrolling
                0x200000cc                lcdBuffer
 COMMON         0x200002cc        0x4 c:/program files (x86)/embitz/1.11/share/em_armgcc/bin/../lib/gcc/arm-none-eabi/5.4.1/../../../../arm-none-eabi/lib/armv7e-m\libg_n.a(lib_a-reent.o)
                0x200002cc                errno
                0x200002d0                __bss_end__ = .

.heap           0x200002d0        0x0
                0x200002d0                __end__ = .
                0x200002d0                end = __end__
 *(.heap*)
 .heap          0x200002d0        0x0 obj\debug\src\startup_stm32f30x.o
                0x200002d0                __HeapLimit = .

.stack_dummy    0x200002d0      0x100
 *(.stack)
 .stack         0x200002d0      0x100 obj\debug\src\startup_stm32f30x.o
                0x20004000                __StackTop = (ORIGIN (RAM) + LENGTH (RAM))
                0x20003f00                __StackLimit = (__StackTop - SIZEOF (.stack_dummy))
                0x20004000                PROVIDE (__stack, __StackTop)
                0x00000001                ASSERT ((__StackLimit >= __HeapLimit), region RAM overflowed with stack)
LOAD obj\debug\spl\src\stm32f30x_adc.o
LOAD obj\debug\spl\src\stm32f30x_can.o
LOAD obj\debug\spl\src\stm32f30x_comp.o
LOAD obj\debug\spl\src\stm32f30x_crc.o
LOAD obj\debug\spl\src\stm32f30x_dac.o
LOAD obj\debug\spl\src\stm32f30x_dbgmcu.o
LOAD obj\debug\spl\src\stm32f30x_dma.o
LOAD obj\debug\spl\src\stm32f30x_exti.o
LOAD obj\debug\spl\src\stm32f30x_flash.o
LOAD obj\debug\spl\src\stm32f30x_gpio.o
LOAD obj\debug\spl\src\stm32f30x_i2c.o
LOAD obj\debug\spl\src\stm32f30x_iwdg.o
LOAD obj\debug\spl\src\stm32f30x_misc.o
LOAD obj\debug\spl\src\stm32f30x_opamp.o
LOAD obj\debug\spl\src\stm32f30x_pwr.o
LOAD obj\debug\spl\src\stm32f30x_rcc.o
LOAD obj\debug\spl\src\stm32f30x_rtc.o
LOAD obj\debug\spl\src\stm32f30x_spi.o
LOAD obj\debug\spl\src\stm32f30x_syscfg.o
LOAD obj\debug\spl\src\stm32f30x_tim.o
LOAD obj\debug\spl\src\stm32f30x_usart.o
LOAD obj\debug\spl\src\stm32f30x_wwdg.o
LOAD obj\debug\src\30010_io.o
LOAD obj\debug\src\ansi.o
LOAD obj\debug\src\ball.o
LOAD obj\debug\src\blocks.o
LOAD obj\debug\src\charset.o
LOAD obj\debug\src\gamewall.o
LOAD obj\debug\src\io.o
LOAD obj\debug\src\lcd.o
LOAD obj\debug\src\main.o
LOAD obj\debug\src\startup_stm32f30x.o
LOAD obj\debug\src\striker.o
LOAD obj\debug\src\system_stm32f30x.o
LOAD obj\debug\src\time.o
LOAD obj\debug\src\trigomentri.o
START GROUP
LOAD c:/program files (x86)/embitz/1.11/share/em_armgcc/bin/../lib/gcc/arm-none-eabi/5.4.1/armv7e-m\libgcc.a
LOAD c:/program files (x86)/embitz/1.11/share/em_armgcc/bin/../lib/gcc/arm-none-eabi/5.4.1/../../../../arm-none-eabi/lib/armv7e-m\libg_n.a
LOAD c:/program files (x86)/embitz/1.11/share/em_armgcc/bin/../lib/gcc/arm-none-eabi/5.4.1/../../../../arm-none-eabi/lib/armv7e-m\libc_n.a
END GROUP
START GROUP
LOAD c:/program files (x86)/embitz/1.11/share/em_armgcc/bin/../lib/gcc/arm-none-eabi/5.4.1/armv7e-m\libgcc.a
LOAD c:/program files (x86)/embitz/1.11/share/em_armgcc/bin/../lib/gcc/arm-none-eabi/5.4.1/../../../../arm-none-eabi/lib/armv7e-m\libc_n.a
LOAD c:/program files (x86)/embitz/1.11/share/em_armgcc/bin/../lib/gcc/arm-none-eabi/5.4.1/../../../../arm-none-eabi/lib/armv7e-m\libnosys_s.a
END GROUP
LOAD c:/program files (x86)/embitz/1.11/share/em_armgcc/bin/../lib/gcc/arm-none-eabi/5.4.1/armv7e-m/crtend.o
LOAD c:/program files (x86)/embitz/1.11/share/em_armgcc/bin/../lib/gcc/arm-none-eabi/5.4.1/armv7e-m/crtn.o
OUTPUT(bin\Debug\exercise1.elf elf32-littlearm)

.ARM.attributes
                0x00000000       0x2a
 .ARM.attributes
                0x00000000       0x1e c:/program files (x86)/embitz/1.11/share/em_armgcc/bin/../lib/gcc/arm-none-eabi/5.4.1/armv7e-m/crti.o
 .ARM.attributes
                0x0000001e       0x2e c:/program files (x86)/embitz/1.11/share/em_armgcc/bin/../lib/gcc/arm-none-eabi/5.4.1/armv7e-m/crtbegin.o
 .ARM.attributes
                0x0000004c       0x1c c:/program files (x86)/embitz/1.11/share/em_armgcc/bin/../lib/gcc/arm-none-eabi/5.4.1/../../../../arm-none-eabi/lib/armv7e-m/crt0.o
 .ARM.attributes
                0x00000068       0x33 obj\debug\spl\src\stm32f30x_rcc.o
 .ARM.attributes
                0x0000009b       0x33 obj\debug\spl\src\stm32f30x_spi.o
 .ARM.attributes
                0x000000ce       0x33 obj\debug\spl\src\stm32f30x_usart.o
 .ARM.attributes
                0x00000101       0x33 obj\debug\src\30010_io.o
 .ARM.attributes
                0x00000134       0x33 obj\debug\src\ansi.o
 .ARM.attributes
                0x00000167       0x33 obj\debug\src\blocks.o
 .ARM.attributes
                0x0000019a       0x33 obj\debug\src\gamewall.o
 .ARM.attributes
                0x000001cd       0x33 obj\debug\src\io.o
 .ARM.attributes
                0x00000200       0x33 obj\debug\src\lcd.o
 .ARM.attributes
                0x00000233       0x33 obj\debug\src\main.o
 .ARM.attributes
                0x00000266       0x1b obj\debug\src\startup_stm32f30x.o
 .ARM.attributes
                0x00000281       0x33 obj\debug\src\system_stm32f30x.o
 .ARM.attributes
                0x000002b4       0x33 obj\debug\src\time.o
 .ARM.attributes
                0x000002e7       0x33 obj\debug\src\trigomentri.o
 .ARM.attributes
                0x0000031a       0x2e c:/program files (x86)/embitz/1.11/share/em_armgcc/bin/../lib/gcc/arm-none-eabi/5.4.1/../../../../arm-none-eabi/lib/armv7e-m\libg_n.a(lib_a-exit.o)
 .ARM.attributes
                0x00000348       0x2e c:/program files (x86)/embitz/1.11/share/em_armgcc/bin/../lib/gcc/arm-none-eabi/5.4.1/../../../../arm-none-eabi/lib/armv7e-m\libg_n.a(lib_a-impure.o)
 .ARM.attributes
                0x00000376       0x2e c:/program files (x86)/embitz/1.11/share/em_armgcc/bin/../lib/gcc/arm-none-eabi/5.4.1/../../../../arm-none-eabi/lib/armv7e-m\libg_n.a(lib_a-init.o)
 .ARM.attributes
                0x000003a4       0x2e c:/program files (x86)/embitz/1.11/share/em_armgcc/bin/../lib/gcc/arm-none-eabi/5.4.1/../../../../arm-none-eabi/lib/armv7e-m\libg_n.a(lib_a-malloc.o)
 .ARM.attributes
                0x000003d2       0x2e c:/program files (x86)/embitz/1.11/share/em_armgcc/bin/../lib/gcc/arm-none-eabi/5.4.1/../../../../arm-none-eabi/lib/armv7e-m\libg_n.a(lib_a-memset.o)
 .ARM.attributes
                0x00000400       0x2e c:/program files (x86)/embitz/1.11/share/em_armgcc/bin/../lib/gcc/arm-none-eabi/5.4.1/../../../../arm-none-eabi/lib/armv7e-m\libg_n.a(lib_a-nano-freer.o)
 .ARM.attributes
                0x0000042e       0x2e c:/program files (x86)/embitz/1.11/share/em_armgcc/bin/../lib/gcc/arm-none-eabi/5.4.1/../../../../arm-none-eabi/lib/armv7e-m\libg_n.a(lib_a-nano-mallocr.o)
 .ARM.attributes
                0x0000045c       0x2e c:/program files (x86)/embitz/1.11/share/em_armgcc/bin/../lib/gcc/arm-none-eabi/5.4.1/../../../../arm-none-eabi/lib/armv7e-m\libg_n.a(lib_a-printf.o)
 .ARM.attributes
                0x0000048a       0x2e c:/program files (x86)/embitz/1.11/share/em_armgcc/bin/../lib/gcc/arm-none-eabi/5.4.1/../../../../arm-none-eabi/lib/armv7e-m\libg_n.a(lib_a-putchar.o)
 .ARM.attributes
                0x000004b8       0x2e c:/program files (x86)/embitz/1.11/share/em_armgcc/bin/../lib/gcc/arm-none-eabi/5.4.1/../../../../arm-none-eabi/lib/armv7e-m\libg_n.a(lib_a-sbrkr.o)
 .ARM.attributes
                0x000004e6       0x2e c:/program files (x86)/embitz/1.11/share/em_armgcc/bin/../lib/gcc/arm-none-eabi/5.4.1/../../../../arm-none-eabi/lib/armv7e-m\libg_n.a(lib_a-setbuf.o)
 .ARM.attributes
                0x00000514       0x2e c:/program files (x86)/embitz/1.11/share/em_armgcc/bin/../lib/gcc/arm-none-eabi/5.4.1/../../../../arm-none-eabi/lib/armv7e-m\libg_n.a(lib_a-setvbuf.o)
 .ARM.attributes
                0x00000542       0x2e c:/program files (x86)/embitz/1.11/share/em_armgcc/bin/../lib/gcc/arm-none-eabi/5.4.1/../../../../arm-none-eabi/lib/armv7e-m\libg_n.a(lib_a-fflush.o)
 .ARM.attributes
                0x00000570       0x2e c:/program files (x86)/embitz/1.11/share/em_armgcc/bin/../lib/gcc/arm-none-eabi/5.4.1/../../../../arm-none-eabi/lib/armv7e-m\libg_n.a(lib_a-findfp.o)
 .ARM.attributes
                0x0000059e       0x2e c:/program files (x86)/embitz/1.11/share/em_armgcc/bin/../lib/gcc/arm-none-eabi/5.4.1/../../../../arm-none-eabi/lib/armv7e-m\libg_n.a(lib_a-fwalk.o)
 .ARM.attributes
                0x000005cc       0x2e c:/program files (x86)/embitz/1.11/share/em_armgcc/bin/../lib/gcc/arm-none-eabi/5.4.1/../../../../arm-none-eabi/lib/armv7e-m\libg_n.a(lib_a-makebuf.o)
 .ARM.attributes
                0x000005fa       0x2e c:/program files (x86)/embitz/1.11/share/em_armgcc/bin/../lib/gcc/arm-none-eabi/5.4.1/../../../../arm-none-eabi/lib/armv7e-m\libg_n.a(lib_a-mlock.o)
 .ARM.attributes
                0x00000628       0x2e c:/program files (x86)/embitz/1.11/share/em_armgcc/bin/../lib/gcc/arm-none-eabi/5.4.1/../../../../arm-none-eabi/lib/armv7e-m\libg_n.a(lib_a-nano-vfprintf.o)
 .ARM.attributes
                0x00000656       0x2e c:/program files (x86)/embitz/1.11/share/em_armgcc/bin/../lib/gcc/arm-none-eabi/5.4.1/../../../../arm-none-eabi/lib/armv7e-m\libg_n.a(lib_a-nano-vfprintf_i.o)
 .ARM.attributes
                0x00000684       0x2e c:/program files (x86)/embitz/1.11/share/em_armgcc/bin/../lib/gcc/arm-none-eabi/5.4.1/../../../../arm-none-eabi/lib/armv7e-m\libg_n.a(lib_a-putc.o)
 .ARM.attributes
                0x000006b2       0x2e c:/program files (x86)/embitz/1.11/share/em_armgcc/bin/../lib/gcc/arm-none-eabi/5.4.1/../../../../arm-none-eabi/lib/armv7e-m\libg_n.a(lib_a-reent.o)
 .ARM.attributes
                0x000006e0       0x2e c:/program files (x86)/embitz/1.11/share/em_armgcc/bin/../lib/gcc/arm-none-eabi/5.4.1/../../../../arm-none-eabi/lib/armv7e-m\libg_n.a(lib_a-stdio.o)
 .ARM.attributes
                0x0000070e       0x2e c:/program files (x86)/embitz/1.11/share/em_armgcc/bin/../lib/gcc/arm-none-eabi/5.4.1/../../../../arm-none-eabi/lib/armv7e-m\libg_n.a(lib_a-wbuf.o)
 .ARM.attributes
                0x0000073c       0x2e c:/program files (x86)/embitz/1.11/share/em_armgcc/bin/../lib/gcc/arm-none-eabi/5.4.1/../../../../arm-none-eabi/lib/armv7e-m\libg_n.a(lib_a-wsetup.o)
 .ARM.attributes
                0x0000076a       0x2e c:/program files (x86)/embitz/1.11/share/em_armgcc/bin/../lib/gcc/arm-none-eabi/5.4.1/../../../../arm-none-eabi/lib/armv7e-m\libg_n.a(lib_a-closer.o)
 .ARM.attributes
                0x00000798       0x2e c:/program files (x86)/embitz/1.11/share/em_armgcc/bin/../lib/gcc/arm-none-eabi/5.4.1/../../../../arm-none-eabi/lib/armv7e-m\libg_n.a(lib_a-fstatr.o)
 .ARM.attributes
                0x000007c6       0x2e c:/program files (x86)/embitz/1.11/share/em_armgcc/bin/../lib/gcc/arm-none-eabi/5.4.1/../../../../arm-none-eabi/lib/armv7e-m\libg_n.a(lib_a-isattyr.o)
 .ARM.attributes
                0x000007f4       0x2e c:/program files (x86)/embitz/1.11/share/em_armgcc/bin/../lib/gcc/arm-none-eabi/5.4.1/../../../../arm-none-eabi/lib/armv7e-m\libg_n.a(lib_a-lseekr.o)
 .ARM.attributes
                0x00000822       0x1c c:/program files (x86)/embitz/1.11/share/em_armgcc/bin/../lib/gcc/arm-none-eabi/5.4.1/../../../../arm-none-eabi/lib/armv7e-m\libg_n.a(lib_a-memchr.o)
 .ARM.attributes
                0x0000083e       0x2e c:/program files (x86)/embitz/1.11/share/em_armgcc/bin/../lib/gcc/arm-none-eabi/5.4.1/../../../../arm-none-eabi/lib/armv7e-m\libg_n.a(lib_a-readr.o)
 .ARM.attributes
                0x0000086c       0x2e c:/program files (x86)/embitz/1.11/share/em_armgcc/bin/../lib/gcc/arm-none-eabi/5.4.1/../../../../arm-none-eabi/lib/armv7e-m\libnosys_s.a(close.o)
 .ARM.attributes
                0x0000089a       0x2e c:/program files (x86)/embitz/1.11/share/em_armgcc/bin/../lib/gcc/arm-none-eabi/5.4.1/../../../../arm-none-eabi/lib/armv7e-m\libnosys_s.a(fstat.o)
 .ARM.attributes
                0x000008c8       0x2e c:/program files (x86)/embitz/1.11/share/em_armgcc/bin/../lib/gcc/arm-none-eabi/5.4.1/../../../../arm-none-eabi/lib/armv7e-m\libnosys_s.a(isatty.o)
 .ARM.attributes
                0x000008f6       0x2e c:/program files (x86)/embitz/1.11/share/em_armgcc/bin/../lib/gcc/arm-none-eabi/5.4.1/../../../../arm-none-eabi/lib/armv7e-m\libnosys_s.a(lseek.o)
 .ARM.attributes
                0x00000924       0x2e c:/program files (x86)/embitz/1.11/share/em_armgcc/bin/../lib/gcc/arm-none-eabi/5.4.1/../../../../arm-none-eabi/lib/armv7e-m\libnosys_s.a(read.o)
 .ARM.attributes
                0x00000952       0x2e c:/program files (x86)/embitz/1.11/share/em_armgcc/bin/../lib/gcc/arm-none-eabi/5.4.1/../../../../arm-none-eabi/lib/armv7e-m\libnosys_s.a(sbrk.o)
 .ARM.attributes
                0x00000980       0x2e c:/program files (x86)/embitz/1.11/share/em_armgcc/bin/../lib/gcc/arm-none-eabi/5.4.1/../../../../arm-none-eabi/lib/armv7e-m\libnosys_s.a(_exit.o)
 .ARM.attributes
                0x000009ae       0x2e c:/program files (x86)/embitz/1.11/share/em_armgcc/bin/../lib/gcc/arm-none-eabi/5.4.1/armv7e-m/crtend.o
 .ARM.attributes
                0x000009dc       0x1e c:/program files (x86)/embitz/1.11/share/em_armgcc/bin/../lib/gcc/arm-none-eabi/5.4.1/armv7e-m/crtn.o

.comment        0x00000000       0x6e
 .comment       0x00000000       0x6e obj\debug\spl\src\stm32f30x_rcc.o
                                 0x6f (size before relaxing)
 .comment       0x0000006e       0x6f obj\debug\spl\src\stm32f30x_spi.o
 .comment       0x0000006e       0x6f obj\debug\spl\src\stm32f30x_usart.o
 .comment       0x0000006e       0x6f obj\debug\src\30010_io.o
 .comment       0x0000006e       0x6f obj\debug\src\ansi.o
 .comment       0x0000006e       0x6f obj\debug\src\blocks.o
 .comment       0x0000006e       0x6f obj\debug\src\gamewall.o
 .comment       0x0000006e       0x6f obj\debug\src\io.o
 .comment       0x0000006e       0x6f obj\debug\src\lcd.o
 .comment       0x0000006e       0x6f obj\debug\src\main.o
 .comment       0x0000006e       0x6f obj\debug\src\system_stm32f30x.o
 .comment       0x0000006e       0x6f obj\debug\src\time.o
 .comment       0x0000006e       0x6f obj\debug\src\trigomentri.o

.debug_info     0x00000000     0x5dd1
 .debug_info    0x00000000      0xad4 obj\debug\spl\src\stm32f30x_rcc.o
 .debug_info    0x00000ad4      0xb82 obj\debug\spl\src\stm32f30x_spi.o
 .debug_info    0x00001656      0xecc obj\debug\spl\src\stm32f30x_usart.o
 .debug_info    0x00002522      0xf04 obj\debug\src\30010_io.o
 .debug_info    0x00003426      0x233 obj\debug\src\ansi.o
 .debug_info    0x00003659      0x337 obj\debug\src\blocks.o
 .debug_info    0x00003990      0x3d6 obj\debug\src\gamewall.o
 .debug_info    0x00003d66      0x6cd obj\debug\src\io.o
 .debug_info    0x00004433      0x2d1 obj\debug\src\lcd.o
 .debug_info    0x00004704      0x655 obj\debug\src\main.o
 .debug_info    0x00004d59       0x65 obj\debug\src\startup_stm32f30x.o
 .debug_info    0x00004dbe      0x470 obj\debug\src\system_stm32f30x.o
 .debug_info    0x0000522e      0x982 obj\debug\src\time.o
 .debug_info    0x00005bb0      0x221 obj\debug\src\trigomentri.o

.debug_abbrev   0x00000000     0x12f8
 .debug_abbrev  0x00000000      0x1ea obj\debug\spl\src\stm32f30x_rcc.o
 .debug_abbrev  0x000001ea      0x190 obj\debug\spl\src\stm32f30x_spi.o
 .debug_abbrev  0x0000037a      0x15c obj\debug\spl\src\stm32f30x_usart.o
 .debug_abbrev  0x000004d6      0x27d obj\debug\src\30010_io.o
 .debug_abbrev  0x00000753       0xaf obj\debug\src\ansi.o
 .debug_abbrev  0x00000802      0x10e obj\debug\src\blocks.o
 .debug_abbrev  0x00000910       0xf2 obj\debug\src\gamewall.o
 .debug_abbrev  0x00000a02      0x1a5 obj\debug\src\io.o
 .debug_abbrev  0x00000ba7      0x13d obj\debug\src\lcd.o
 .debug_abbrev  0x00000ce4      0x1ae obj\debug\src\main.o
 .debug_abbrev  0x00000e92       0x14 obj\debug\src\startup_stm32f30x.o
 .debug_abbrev  0x00000ea6      0x11a obj\debug\src\system_stm32f30x.o
 .debug_abbrev  0x00000fc0      0x1e0 obj\debug\src\time.o
 .debug_abbrev  0x000011a0      0x158 obj\debug\src\trigomentri.o

.debug_aranges  0x00000000      0x750
 .debug_aranges
                0x00000000      0x150 obj\debug\spl\src\stm32f30x_rcc.o
 .debug_aranges
                0x00000150      0x118 obj\debug\spl\src\stm32f30x_spi.o
 .debug_aranges
                0x00000268      0x1a0 obj\debug\spl\src\stm32f30x_usart.o
 .debug_aranges
                0x00000408       0x58 obj\debug\src\30010_io.o
 .debug_aranges
                0x00000460       0x70 obj\debug\src\ansi.o
 .debug_aranges
                0x000004d0       0x30 obj\debug\src\blocks.o
 .debug_aranges
                0x00000500       0x40 obj\debug\src\gamewall.o
 .debug_aranges
                0x00000540       0x70 obj\debug\src\io.o
 .debug_aranges
                0x000005b0       0x58 obj\debug\src\lcd.o
 .debug_aranges
                0x00000608       0x58 obj\debug\src\main.o
 .debug_aranges
                0x00000660       0x20 obj\debug\src\startup_stm32f30x.o
 .debug_aranges
                0x00000680       0x30 obj\debug\src\system_stm32f30x.o
 .debug_aranges
                0x000006b0       0x58 obj\debug\src\time.o
 .debug_aranges
                0x00000708       0x48 obj\debug\src\trigomentri.o

.debug_ranges   0x00000000      0x660
 .debug_ranges  0x00000000      0x140 obj\debug\spl\src\stm32f30x_rcc.o
 .debug_ranges  0x00000140      0x108 obj\debug\spl\src\stm32f30x_spi.o
 .debug_ranges  0x00000248      0x190 obj\debug\spl\src\stm32f30x_usart.o
 .debug_ranges  0x000003d8       0x48 obj\debug\src\30010_io.o
 .debug_ranges  0x00000420       0x60 obj\debug\src\ansi.o
 .debug_ranges  0x00000480       0x20 obj\debug\src\blocks.o
 .debug_ranges  0x000004a0       0x30 obj\debug\src\gamewall.o
 .debug_ranges  0x000004d0       0x60 obj\debug\src\io.o
 .debug_ranges  0x00000530       0x48 obj\debug\src\lcd.o
 .debug_ranges  0x00000578       0x48 obj\debug\src\main.o
 .debug_ranges  0x000005c0       0x20 obj\debug\src\system_stm32f30x.o
 .debug_ranges  0x000005e0       0x48 obj\debug\src\time.o
 .debug_ranges  0x00000628       0x38 obj\debug\src\trigomentri.o

.debug_macro    0x00000000     0x3d7d
 .debug_macro   0x00000000      0x238 obj\debug\spl\src\stm32f30x_rcc.o
 .debug_macro   0x00000238      0x5c0 obj\debug\spl\src\stm32f30x_rcc.o
 .debug_macro   0x000007f8      0x1b0 obj\debug\spl\src\stm32f30x_spi.o
 .debug_macro   0x000009a8      0x3a5 obj\debug\spl\src\stm32f30x_spi.o
 .debug_macro   0x00000d4d      0x1b3 obj\debug\spl\src\stm32f30x_usart.o
 .debug_macro   0x00000f00      0x35e obj\debug\spl\src\stm32f30x_usart.o
 .debug_macro   0x0000125e      0x2d8 obj\debug\src\30010_io.o
 .debug_macro   0x00001536       0x52 obj\debug\src\30010_io.o
 .debug_macro   0x00001588       0x35 obj\debug\src\30010_io.o
 .debug_macro   0x000015bd       0x9c obj\debug\src\30010_io.o
 .debug_macro   0x00001659       0x16 obj\debug\src\30010_io.o
 .debug_macro   0x0000166f       0x97 obj\debug\src\30010_io.o
 .debug_macro   0x00001706      0x30d obj\debug\src\30010_io.o
 .debug_macro   0x00001a13       0xfd obj\debug\src\30010_io.o
 .debug_macro   0x00001b10       0x10 obj\debug\src\30010_io.o
 .debug_macro   0x00001b20       0x52 obj\debug\src\30010_io.o
 .debug_macro   0x00001b72       0x1f obj\debug\src\30010_io.o
 .debug_macro   0x00001b91       0x43 obj\debug\src\30010_io.o
 .debug_macro   0x00001bd4       0x20 obj\debug\src\30010_io.o
 .debug_macro   0x00001bf4      0x187 obj\debug\src\30010_io.o
 .debug_macro   0x00001d7b       0x10 obj\debug\src\30010_io.o
 .debug_macro   0x00001d8b       0x1c obj\debug\src\30010_io.o
 .debug_macro   0x00001da7       0x52 obj\debug\src\30010_io.o
 .debug_macro   0x00001df9       0x40 obj\debug\src\30010_io.o
 .debug_macro   0x00001e39       0x10 obj\debug\src\30010_io.o
 .debug_macro   0x00001e49       0x40 obj\debug\src\30010_io.o
 .debug_macro   0x00001e89       0xd7 obj\debug\src\30010_io.o
 .debug_macro   0x00001f60       0x16 obj\debug\src\30010_io.o
 .debug_macro   0x00001f76      0x189 obj\debug\src\30010_io.o
 .debug_macro   0x000020ff      0x333 obj\debug\src\ansi.o
 .debug_macro   0x00002432       0x16 obj\debug\src\ansi.o
 .debug_macro   0x00002448       0x35 obj\debug\src\ansi.o
 .debug_macro   0x0000247d       0x16 obj\debug\src\ansi.o
 .debug_macro   0x00002493       0x29 obj\debug\src\ansi.o
 .debug_macro   0x000024bc       0x16 obj\debug\src\ansi.o
 .debug_macro   0x000024d2      0x34f obj\debug\src\blocks.o
 .debug_macro   0x00002821       0x28 obj\debug\src\blocks.o
 .debug_macro   0x00002849      0x350 obj\debug\src\gamewall.o
 .debug_macro   0x00002b99      0x316 obj\debug\src\io.o
 .debug_macro   0x00002eaf      0x341 obj\debug\src\lcd.o
 .debug_macro   0x000031f0      0x3b5 obj\debug\src\main.o
 .debug_macro   0x000035a5       0x10 obj\debug\src\main.o
 .debug_macro   0x000035b5      0x197 obj\debug\src\system_stm32f30x.o
 .debug_macro   0x0000374c      0x34a obj\debug\src\time.o
 .debug_macro   0x00003a96      0x2e7 obj\debug\src\trigomentri.o

.debug_line     0x00000000     0x5897
 .debug_line    0x00000000      0x7e5 obj\debug\spl\src\stm32f30x_rcc.o
 .debug_line    0x000007e5      0x736 obj\debug\spl\src\stm32f30x_spi.o
 .debug_line    0x00000f1b      0x86c obj\debug\spl\src\stm32f30x_usart.o
 .debug_line    0x00001787      0x6da obj\debug\src\30010_io.o
 .debug_line    0x00001e61      0x682 obj\debug\src\ansi.o
 .debug_line    0x000024e3      0x657 obj\debug\src\blocks.o
 .debug_line    0x00002b3a      0x6f8 obj\debug\src\gamewall.o
 .debug_line    0x00003232      0x70c obj\debug\src\io.o
 .debug_line    0x0000393e      0x66a obj\debug\src\lcd.o
 .debug_line    0x00003fa8      0x79e obj\debug\src\main.o
 .debug_line    0x00004746       0xbb obj\debug\src\startup_stm32f30x.o
 .debug_line    0x00004801      0x493 obj\debug\src\system_stm32f30x.o
 .debug_line    0x00004c94      0x649 obj\debug\src\time.o
 .debug_line    0x000052dd      0x5ba obj\debug\src\trigomentri.o

.debug_str      0x00000000    0x5850c
 .debug_str     0x00000000    0x52bfe obj\debug\spl\src\stm32f30x_rcc.o
                              0x52dba (size before relaxing)
 .debug_str     0x00052bfe      0x51c obj\debug\spl\src\stm32f30x_spi.o
                              0x52997 (size before relaxing)
 .debug_str     0x0005311a      0x7e5 obj\debug\spl\src\stm32f30x_usart.o
                              0x52c8e (size before relaxing)
 .debug_str     0x000538ff     0x3efa obj\debug\src\30010_io.o
                              0x564f7 (size before relaxing)
 .debug_str     0x000577f9      0x16f obj\debug\src\ansi.o
                              0x55f90 (size before relaxing)
 .debug_str     0x00057968      0x172 obj\debug\src\blocks.o
                              0x560ac (size before relaxing)
 .debug_str     0x00057ada       0xa7 obj\debug\src\gamewall.o
                              0x5604b (size before relaxing)
 .debug_str     0x00057b81      0x123 obj\debug\src\io.o
                              0x56125 (size before relaxing)
 .debug_str     0x00057ca4       0xda obj\debug\src\lcd.o
                              0x55ffc (size before relaxing)
 .debug_str     0x00057d7e      0x190 obj\debug\src\main.o
                              0x56253 (size before relaxing)
 .debug_str     0x00057f0e       0xe0 obj\debug\src\system_stm32f30x.o
                              0x5244c (size before relaxing)
 .debug_str     0x00057fee      0x4e0 obj\debug\src\time.o
                              0x565f8 (size before relaxing)
 .debug_str     0x000584ce       0x3e obj\debug\src\trigomentri.o
                              0x55ed6 (size before relaxing)

.debug_frame    0x00000000     0x2658
 .debug_frame   0x00000000      0x60c obj\debug\spl\src\stm32f30x_rcc.o
 .debug_frame   0x0000060c      0x508 obj\debug\spl\src\stm32f30x_spi.o
 .debug_frame   0x00000b14      0x7b0 obj\debug\spl\src\stm32f30x_usart.o
 .debug_frame   0x000012c4      0x12c obj\debug\src\30010_io.o
 .debug_frame   0x000013f0      0x17c obj\debug\src\ansi.o
 .debug_frame   0x0000156c       0x94 obj\debug\src\blocks.o
 .debug_frame   0x00001600       0xd4 obj\debug\src\gamewall.o
 .debug_frame   0x000016d4      0x19c obj\debug\src\io.o
 .debug_frame   0x00001870      0x128 obj\debug\src\lcd.o
 .debug_frame   0x00001998      0x118 obj\debug\src\main.o
 .debug_frame   0x00001ab0       0x74 obj\debug\src\system_stm32f30x.o
 .debug_frame   0x00001b24      0x128 obj\debug\src\time.o
 .debug_frame   0x00001c4c       0xf8 obj\debug\src\trigomentri.o
 .debug_frame   0x00001d44       0x28 c:/program files (x86)/embitz/1.11/share/em_armgcc/bin/../lib/gcc/arm-none-eabi/5.4.1/../../../../arm-none-eabi/lib/armv7e-m\libg_n.a(lib_a-exit.o)
 .debug_frame   0x00001d6c       0x2c c:/program files (x86)/embitz/1.11/share/em_armgcc/bin/../lib/gcc/arm-none-eabi/5.4.1/../../../../arm-none-eabi/lib/armv7e-m\libg_n.a(lib_a-init.o)
 .debug_frame   0x00001d98       0x30 c:/program files (x86)/embitz/1.11/share/em_armgcc/bin/../lib/gcc/arm-none-eabi/5.4.1/../../../../arm-none-eabi/lib/armv7e-m\libg_n.a(lib_a-malloc.o)
 .debug_frame   0x00001dc8       0x20 c:/program files (x86)/embitz/1.11/share/em_armgcc/bin/../lib/gcc/arm-none-eabi/5.4.1/../../../../arm-none-eabi/lib/armv7e-m\libg_n.a(lib_a-memset.o)
 .debug_frame   0x00001de8       0x38 c:/program files (x86)/embitz/1.11/share/em_armgcc/bin/../lib/gcc/arm-none-eabi/5.4.1/../../../../arm-none-eabi/lib/armv7e-m\libg_n.a(lib_a-nano-freer.o)
 .debug_frame   0x00001e20       0x2c c:/program files (x86)/embitz/1.11/share/em_armgcc/bin/../lib/gcc/arm-none-eabi/5.4.1/../../../../arm-none-eabi/lib/armv7e-m\libg_n.a(lib_a-nano-mallocr.o)
 .debug_frame   0x00001e4c       0x74 c:/program files (x86)/embitz/1.11/share/em_armgcc/bin/../lib/gcc/arm-none-eabi/5.4.1/../../../../arm-none-eabi/lib/armv7e-m\libg_n.a(lib_a-printf.o)
 .debug_frame   0x00001ec0       0x58 c:/program files (x86)/embitz/1.11/share/em_armgcc/bin/../lib/gcc/arm-none-eabi/5.4.1/../../../../arm-none-eabi/lib/armv7e-m\libg_n.a(lib_a-putchar.o)
 .debug_frame   0x00001f18       0x2c c:/program files (x86)/embitz/1.11/share/em_armgcc/bin/../lib/gcc/arm-none-eabi/5.4.1/../../../../arm-none-eabi/lib/armv7e-m\libg_n.a(lib_a-sbrkr.o)
 .debug_frame   0x00001f44       0x20 c:/program files (x86)/embitz/1.11/share/em_armgcc/bin/../lib/gcc/arm-none-eabi/5.4.1/../../../../arm-none-eabi/lib/armv7e-m\libg_n.a(lib_a-setbuf.o)
 .debug_frame   0x00001f64       0x38 c:/program files (x86)/embitz/1.11/share/em_armgcc/bin/../lib/gcc/arm-none-eabi/5.4.1/../../../../arm-none-eabi/lib/armv7e-m\libg_n.a(lib_a-setvbuf.o)
 .debug_frame   0x00001f9c       0x68 c:/program files (x86)/embitz/1.11/share/em_armgcc/bin/../lib/gcc/arm-none-eabi/5.4.1/../../../../arm-none-eabi/lib/armv7e-m\libg_n.a(lib_a-fflush.o)
 .debug_frame   0x00002004      0x11c c:/program files (x86)/embitz/1.11/share/em_armgcc/bin/../lib/gcc/arm-none-eabi/5.4.1/../../../../arm-none-eabi/lib/armv7e-m\libg_n.a(lib_a-findfp.o)
 .debug_frame   0x00002120       0x54 c:/program files (x86)/embitz/1.11/share/em_armgcc/bin/../lib/gcc/arm-none-eabi/5.4.1/../../../../arm-none-eabi/lib/armv7e-m\libg_n.a(lib_a-fwalk.o)
 .debug_frame   0x00002174       0x54 c:/program files (x86)/embitz/1.11/share/em_armgcc/bin/../lib/gcc/arm-none-eabi/5.4.1/../../../../arm-none-eabi/lib/armv7e-m\libg_n.a(lib_a-makebuf.o)
 .debug_frame   0x000021c8       0x30 c:/program files (x86)/embitz/1.11/share/em_armgcc/bin/../lib/gcc/arm-none-eabi/5.4.1/../../../../arm-none-eabi/lib/armv7e-m\libg_n.a(lib_a-mlock.o)
 .debug_frame   0x000021f8       0xac c:/program files (x86)/embitz/1.11/share/em_armgcc/bin/../lib/gcc/arm-none-eabi/5.4.1/../../../../arm-none-eabi/lib/armv7e-m\libg_n.a(lib_a-nano-vfprintf.o)
 .debug_frame   0x000022a4       0x60 c:/program files (x86)/embitz/1.11/share/em_armgcc/bin/../lib/gcc/arm-none-eabi/5.4.1/../../../../arm-none-eabi/lib/armv7e-m\libg_n.a(lib_a-nano-vfprintf_i.o)
 .debug_frame   0x00002304       0x48 c:/program files (x86)/embitz/1.11/share/em_armgcc/bin/../lib/gcc/arm-none-eabi/5.4.1/../../../../arm-none-eabi/lib/armv7e-m\libg_n.a(lib_a-putc.o)
 .debug_frame   0x0000234c       0x5c c:/program files (x86)/embitz/1.11/share/em_armgcc/bin/../lib/gcc/arm-none-eabi/5.4.1/../../../../arm-none-eabi/lib/armv7e-m\libg_n.a(lib_a-reent.o)
 .debug_frame   0x000023a8       0x88 c:/program files (x86)/embitz/1.11/share/em_armgcc/bin/../lib/gcc/arm-none-eabi/5.4.1/../../../../arm-none-eabi/lib/armv7e-m\libg_n.a(lib_a-stdio.o)
 .debug_frame   0x00002430       0x40 c:/program files (x86)/embitz/1.11/share/em_armgcc/bin/../lib/gcc/arm-none-eabi/5.4.1/../../../../arm-none-eabi/lib/armv7e-m\libg_n.a(lib_a-wbuf.o)
 .debug_frame   0x00002470       0x2c c:/program files (x86)/embitz/1.11/share/em_armgcc/bin/../lib/gcc/arm-none-eabi/5.4.1/../../../../arm-none-eabi/lib/armv7e-m\libg_n.a(lib_a-wsetup.o)
 .debug_frame   0x0000249c       0x2c c:/program files (x86)/embitz/1.11/share/em_armgcc/bin/../lib/gcc/arm-none-eabi/5.4.1/../../../../arm-none-eabi/lib/armv7e-m\libg_n.a(lib_a-closer.o)
 .debug_frame   0x000024c8       0x2c c:/program files (x86)/embitz/1.11/share/em_armgcc/bin/../lib/gcc/arm-none-eabi/5.4.1/../../../../arm-none-eabi/lib/armv7e-m\libg_n.a(lib_a-fstatr.o)
 .debug_frame   0x000024f4       0x2c c:/program files (x86)/embitz/1.11/share/em_armgcc/bin/../lib/gcc/arm-none-eabi/5.4.1/../../../../arm-none-eabi/lib/armv7e-m\libg_n.a(lib_a-isattyr.o)
 .debug_frame   0x00002520       0x2c c:/program files (x86)/embitz/1.11/share/em_armgcc/bin/../lib/gcc/arm-none-eabi/5.4.1/../../../../arm-none-eabi/lib/armv7e-m\libg_n.a(lib_a-lseekr.o)
 .debug_frame   0x0000254c       0x2c c:/program files (x86)/embitz/1.11/share/em_armgcc/bin/../lib/gcc/arm-none-eabi/5.4.1/../../../../arm-none-eabi/lib/armv7e-m\libg_n.a(lib_a-readr.o)
 .debug_frame   0x00002578       0x20 c:/program files (x86)/embitz/1.11/share/em_armgcc/bin/../lib/gcc/arm-none-eabi/5.4.1/../../../../arm-none-eabi/lib/armv7e-m\libnosys_s.a(close.o)
 .debug_frame   0x00002598       0x20 c:/program files (x86)/embitz/1.11/share/em_armgcc/bin/../lib/gcc/arm-none-eabi/5.4.1/../../../../arm-none-eabi/lib/armv7e-m\libnosys_s.a(fstat.o)
 .debug_frame   0x000025b8       0x20 c:/program files (x86)/embitz/1.11/share/em_armgcc/bin/../lib/gcc/arm-none-eabi/5.4.1/../../../../arm-none-eabi/lib/armv7e-m\libnosys_s.a(isatty.o)
 .debug_frame   0x000025d8       0x20 c:/program files (x86)/embitz/1.11/share/em_armgcc/bin/../lib/gcc/arm-none-eabi/5.4.1/../../../../arm-none-eabi/lib/armv7e-m\libnosys_s.a(lseek.o)
 .debug_frame   0x000025f8       0x20 c:/program files (x86)/embitz/1.11/share/em_armgcc/bin/../lib/gcc/arm-none-eabi/5.4.1/../../../../arm-none-eabi/lib/armv7e-m\libnosys_s.a(read.o)
 .debug_frame   0x00002618       0x20 c:/program files (x86)/embitz/1.11/share/em_armgcc/bin/../lib/gcc/arm-none-eabi/5.4.1/../../../../arm-none-eabi/lib/armv7e-m\libnosys_s.a(sbrk.o)
 .debug_frame   0x00002638       0x20 c:/program files (x86)/embitz/1.11/share/em_armgcc/bin/../lib/gcc/arm-none-eabi/5.4.1/../../../../arm-none-eabi/lib/armv7e-m\libnosys_s.a(_exit.o)

.stab           0x00000000       0x84
 .stab          0x00000000       0x24 c:/program files (x86)/embitz/1.11/share/em_armgcc/bin/../lib/gcc/arm-none-eabi/5.4.1/../../../../arm-none-eabi/lib/armv7e-m\libnosys_s.a(close.o)
 .stab          0x00000024       0x18 c:/program files (x86)/embitz/1.11/share/em_armgcc/bin/../lib/gcc/arm-none-eabi/5.4.1/../../../../arm-none-eabi/lib/armv7e-m\libnosys_s.a(fstat.o)
                                 0x24 (size before relaxing)
 .stab          0x0000003c       0x18 c:/program files (x86)/embitz/1.11/share/em_armgcc/bin/../lib/gcc/arm-none-eabi/5.4.1/../../../../arm-none-eabi/lib/armv7e-m\libnosys_s.a(isatty.o)
                                 0x24 (size before relaxing)
 .stab          0x00000054       0x18 c:/program files (x86)/embitz/1.11/share/em_armgcc/bin/../lib/gcc/arm-none-eabi/5.4.1/../../../../arm-none-eabi/lib/armv7e-m\libnosys_s.a(lseek.o)
                                 0x24 (size before relaxing)
 .stab          0x0000006c       0x18 c:/program files (x86)/embitz/1.11/share/em_armgcc/bin/../lib/gcc/arm-none-eabi/5.4.1/../../../../arm-none-eabi/lib/armv7e-m\libnosys_s.a(read.o)
                                 0x24 (size before relaxing)

.stabstr        0x00000000      0x117
 .stabstr       0x00000000      0x117 c:/program files (x86)/embitz/1.11/share/em_armgcc/bin/../lib/gcc/arm-none-eabi/5.4.1/../../../../arm-none-eabi/lib/armv7e-m\libnosys_s.a(close.o)
